nothing to commit, working tree clean
PS C:\Users\DELL\Desktop\JumppGuru> git checkout origin dev
error: pathspec 'dev' did not match any file(s) known to git
PS C:\Users\DELL\Desktop\JumppGuru> git fetch 
PS C:\Users\DELL\Desktop\JumppGuru> git checkout origin dev
error: pathspec 'dev' did not match any file(s) known to git
PS C:\Users\DELL\Desktop\JumppGuru> git checkout dev       
branch 'dev' set up to track 'origin/dev'.
Switched to a new branch 'dev'
PS C:\Users\DELL\Desktop\JumppGuru> git checkout -b lokesh-feature1 
Switched to a new branch 'lokesh-feature1'
PS C:\Users\DELL\Desktop\JumppGuru> 